[backblue.gif]
[fade.gif]
[index.html]
[platinumgroupinc.net/assets/ico/favicon.ico]
[platinumgroupinc.net/assets/ico/apple-touch-icon-144-precomposed.png]
[platinumgroupinc.net/assets/ico/apple-touch-icon-114-precomposed.png]
[platinumgroupinc.net/assets/ico/apple-touch-icon-72-precomposed.png]
[platinumgroupinc.net/assets/ico/apple-touch-icon-57-precomposed.png]
[www.google.com/recaptcha/api.js]
[platinumgroupinc.net/assets/img/contact2.jpg]
[platinumgroupinc.net/assets/js/jquery-1.8.2.min.js]
[platinumgroupinc.net/assets/bootstrap/js/bootstrap.min.js]
[platinumgroupinc.net/assets/js/jquery.flexslider.js]
[platinumgroupinc.net/assets/js/jquery.tweet.js]
[platinumgroupinc.net/assets/js/jflickrfeed.js]
[platinumgroupinc.net/assets/js/jquery.ui.map.min.js]
[platinumgroupinc.net/assets/js/jquery.quicksand.js]
[platinumgroupinc.net/assets/prettyPhoto/js/jquery.prettyPhoto.js]
[platinumgroupinc.net/assets/js/scripts.js]
[platinumgroupinc.net/contact.html]
[platinumgroupinc.net/assets/bootstrap/css/bootstrap.min.css]
[platinumgroupinc.net/assets/prettyPhoto/images/prettyPhoto/default/sprite.png]
[platinumgroupinc.net/assets/prettyPhoto/images/prettyPhoto/default/sprite_x.png]
[platinumgroupinc.net/assets/prettyPhoto/images/prettyPhoto/default/sprite_y.png]
[platinumgroupinc.net/assets/prettyPhoto/images/prettyPhoto/default/sprite_next.png]
[platinumgroupinc.net/assets/prettyPhoto/images/prettyPhoto/default/sprite_prev.png]
[platinumgroupinc.net/assets/prettyPhoto/images/prettyPhoto/default/default_thumb.png]
[platinumgroupinc.net/assets/prettyPhoto/images/prettyPhoto/default/loader.gif]
[platinumgroupinc.net/assets/prettyPhoto/images/prettyPhoto/light_rounded/sprite.png]
[platinumgroupinc.net/assets/prettyPhoto/images/prettyPhoto/light_rounded/btnNext.png]
[platinumgroupinc.net/assets/prettyPhoto/images/prettyPhoto/light_rounded/btnPrevious.png]
[platinumgroupinc.net/assets/prettyPhoto/images/prettyPhoto/dark_rounded/sprite.png]
[platinumgroupinc.net/assets/prettyPhoto/images/prettyPhoto/dark_rounded/contentPattern.png]
[platinumgroupinc.net/assets/prettyPhoto/images/prettyPhoto/dark_rounded/btnNext.png]
[platinumgroupinc.net/assets/prettyPhoto/images/prettyPhoto/dark_rounded/btnPrevious.png]
[platinumgroupinc.net/assets/prettyPhoto/images/prettyPhoto/dark_rounded/loader.gif]
[platinumgroupinc.net/assets/prettyPhoto/images/prettyPhoto/dark_square/loader.gif]
[platinumgroupinc.net/assets/prettyPhoto/images/prettyPhoto/dark_square/sprite.png]
[platinumgroupinc.net/assets/prettyPhoto/images/prettyPhoto/dark_square/btnNext.png]
[platinumgroupinc.net/assets/prettyPhoto/images/prettyPhoto/dark_square/btnPrevious.png]
[platinumgroupinc.net/assets/prettyPhoto/images/prettyPhoto/light_square/sprite.png]
[platinumgroupinc.net/assets/prettyPhoto/images/prettyPhoto/light_square/btnNext.png]
[platinumgroupinc.net/assets/prettyPhoto/images/prettyPhoto/light_square/btnPrevious.png]
[platinumgroupinc.net/assets/prettyPhoto/images/prettyPhoto/facebook/sprite.png]
[platinumgroupinc.net/assets/prettyPhoto/images/prettyPhoto/facebook/contentPatternTop.png]
[platinumgroupinc.net/assets/prettyPhoto/images/prettyPhoto/facebook/contentPatternLeft.png]
[platinumgroupinc.net/assets/prettyPhoto/images/prettyPhoto/facebook/contentPatternRight.png]
[platinumgroupinc.net/assets/prettyPhoto/images/prettyPhoto/facebook/loader.gif]
[platinumgroupinc.net/assets/prettyPhoto/images/prettyPhoto/facebook/btnNext.png]
[platinumgroupinc.net/assets/prettyPhoto/images/prettyPhoto/facebook/btnPrevious.png]
[platinumgroupinc.net/assets/prettyPhoto/images/prettyPhoto/facebook/contentPatternBottom.png]
[platinumgroupinc.net/assets/prettyPhoto/images/prettyPhoto/facebook/default_thumbnail.gif]
[platinumgroupinc.net/assets/prettyPhoto/images/prettyPhoto/light_rounded/loader.gif]
[platinumgroupinc.net/assets/prettyPhoto/css/prettyPhoto.css]
[platinumgroupinc.net/assets/img/slider-nav.png]
[platinumgroupinc.net/assets/css/flexslider.css]
[platinumgroupinc.net/assets/font-awesome/fontawesome-webfont.eot]
[platinumgroupinc.net/assets/font-awesome/fontawesome-webfontd41d.eot]
[platinumgroupinc.net/assets/font-awesome/fontawesome-webfont.woff]
[platinumgroupinc.net/assets/font-awesome/fontawesome-webfont.ttf]
[platinumgroupinc.net/assets/css/font-awesome.css]
[platinumgroupinc.net/assets/img/logo.png]
[platinumgroupinc.net/assets/img/pattern.jpg]
[platinumgroupinc.net/assets/img/line.png]
[platinumgroupinc.net/assets/img/social-icons/twitter.png]
[platinumgroupinc.net/assets/img/social-icons/dribbble.png]
[platinumgroupinc.net/assets/img/social-icons/rss.png]
[platinumgroupinc.net/assets/img/social-icons/pinterest.png]
[platinumgroupinc.net/assets/img/social-icons/flickr.png]
[platinumgroupinc.net/assets/img/social-icons/forrst.png]
[platinumgroupinc.net/assets/img/social-icons/vimeo.png]
[platinumgroupinc.net/assets/img/social-icons/linkedin.png]
[platinumgroupinc.net/assets/img/social-icons/facebook.png]
[platinumgroupinc.net/assets/img/social-icons/email.png]
[platinumgroupinc.net/assets/img/social-icons/github.png]
[platinumgroupinc.net/assets/img/social-icons/behance.png]
[platinumgroupinc.net/assets/img/social-icons/googleplus.png]
[platinumgroupinc.net/assets/img/social-icons/youtube.png]
[platinumgroupinc.net/assets/img/social-icons/skype.png]
[platinumgroupinc.net/assets/img/social-icons/tumblr.png]
[platinumgroupinc.net/assets/css/style.css]
[platinumgroupinc.net/assets/img/slider/1.jpg]
[platinumgroupinc.net/assets/img/slider/2.jpg]
[platinumgroupinc.net/assets/img/slider/3.jpg]
[platinumgroupinc.net/assets/img/slider/4.jpg]
[platinumgroupinc.net/assets/img/disinfection-service.jpg]
[platinumgroupinc.net/assets/img/floor-care-equip.jpg]
[platinumgroupinc.net/assets/img/diversity-certificates.jpg]
[platinumgroupinc.net/index.html]
[platinumgroupinc.net/assets/img/about1.jpg]
[platinumgroupinc.net/about.html]
[platinumgroupinc.net/assets/img/buildings4.jpg]
[platinumgroupinc.net/services.html]
[platinumgroupinc.net/assets/font-awesome/fontawesome-webfont.svg]
